src/components/sections/Hero.tsx(37,11): error TS2322: Type '{ hidden: { opacity: number; x: number; filter: string; }; visible: { opacity: number; x: number; filter: string; transition: { duration: number; ease: number[]; }; }; }' is not assignable to type 'Variants'.
  Property 'visible' is incompatible with index signature.
    Type '{ opacity: number; x: number; filter: string; transition: { duration: number; ease: number[]; }; }' is not assignable to type 'Variant'.
      Type '{ opacity: number; x: number; filter: string; transition: { duration: number; ease: number[]; }; }' is not assignable to type 'TargetAndTransition'.
        Type '{ opacity: number; x: number; filter: string; transition: { duration: number; ease: number[]; }; }' is not assignable to type '{ transition?: Transition<any> | undefined; transitionEnd?: ResolvedValues$1 | undefined; }'.
          Types of property 'transition' are incompatible.
            Type '{ duration: number; ease: number[]; }' is not assignable to type 'Transition<any> | undefined'.
              Type '{ duration: number; ease: number[]; }' is not assignable to type 'TransitionWithValueOverrides<any>'.
                Type '{ duration: number; ease: number[]; }' is not assignable to type 'ValueAnimationTransition<any>'.
                  Types of property 'ease' are incompatible.
                    Type 'number[]' is not assignable to type 'Easing | Easing[] | undefined'.
                      Type 'number[]' is not assignable to type 'EasingFunction | Easing[]'.
                        Type 'number[]' is not assignable to type 'Easing[]'.
                          Type 'number' is not assignable to type 'Easing'.
src/components/ui/AnimatedText.tsx(8,15): error TS2503: Cannot find namespace 'JSX'.
src/components/ui/AnimatedText.tsx(67,24): error TS2322: Type '{ visible: { opacity: number; y: number; filter: string; transition: { type: string; damping: number; stiffness: number; }; }; hidden: { opacity: number; y: number; filter: string; transition: { type: string; damping: number; stiffness: number; }; }; }' is not assignable to type 'Variants'.
  Property 'visible' is incompatible with index signature.
    Type '{ opacity: number; y: number; filter: string; transition: { type: string; damping: number; stiffness: number; }; }' is not assignable to type 'Variant'.
      Type '{ opacity: number; y: number; filter: string; transition: { type: string; damping: number; stiffness: number; }; }' is not assignable to type 'TargetAndTransition'.
        Type '{ opacity: number; y: number; filter: string; transition: { type: string; damping: number; stiffness: number; }; }' is not assignable to type '{ transition?: Transition<any> | undefined; transitionEnd?: ResolvedValues$1 | undefined; }'.
          Types of property 'transition' are incompatible.
            Type '{ type: string; damping: number; stiffness: number; }' is not assignable to type 'Transition<any> | undefined'.
              Type '{ type: string; damping: number; stiffness: number; }' is not assignable to type 'TransitionWithValueOverrides<any>'.
                Type '{ type: string; damping: number; stiffness: number; }' is not assignable to type 'ValueAnimationTransition<any>'.
                  Types of property 'type' are incompatible.
                    Type 'string' is not assignable to type 'AnimationGeneratorType | undefined'.
src/components/ui/ScrollReveal.tsx(43,7): error TS2322: Type '{ hidden: { opacity: number; y: number; filter: string; scale: number; }; visible: { opacity: number; y: number; filter: string; scale: number; transition: { duration: number; ease: number[]; }; }; } | { hidden: { ...; }; visible: { ...; }; } | { ...; } | { ...; }' is not assignable to type 'Variants | undefined'.
  Type '{ hidden: { opacity: number; y: number; filter: string; scale: number; }; visible: { opacity: number; y: number; filter: string; scale: number; transition: { duration: number; ease: number[]; }; }; }' is not assignable to type 'Variants'.
    Property 'visible' is incompatible with index signature.
      Type '{ opacity: number; y: number; filter: string; scale: number; transition: { duration: number; ease: number[]; }; }' is not assignable to type 'Variant'.
        Type '{ opacity: number; y: number; filter: string; scale: number; transition: { duration: number; ease: number[]; }; }' is not assignable to type 'TargetAndTransition'.
          Type '{ opacity: number; y: number; filter: string; scale: number; transition: { duration: number; ease: number[]; }; }' is not assignable to type '{ transition?: Transition<any> | undefined; transitionEnd?: ResolvedValues$1 | undefined; }'.
            Types of property 'transition' are incompatible.
              Type '{ duration: number; ease: number[]; }' is not assignable to type 'Transition<any> | undefined'.
                Type '{ duration: number; ease: number[]; }' is not assignable to type 'TransitionWithValueOverrides<any>'.
                  Type '{ duration: number; ease: number[]; }' is not assignable to type 'ValueAnimationTransition<any>'.
                    Types of property 'ease' are incompatible.
                      Type 'number[]' is not assignable to type 'Easing | Easing[] | undefined'.
                        Type 'number[]' is not assignable to type 'EasingFunction | Easing[]'.
                          Type 'number[]' is not assignable to type 'Easing[]'.
                            Type 'number' is not assignable to type 'Easing'.
